******************************************************************************
                  TI ARM Linker PC v5.0.4                      
******************************************************************************
>> Linked Sun Apr 26 00:29:17 2015

OUTPUT FILE NAME:   <TEST4.out>
ENTRY POINT SYMBOL: "_c_int00"  address: 000023f1


MEMORY CONFIGURATION

         name            origin    length      used     unused   attr    fill
----------------------  --------  ---------  --------  --------  ----  --------
  FLASH                 00000000   00040000  00002e08  0003d1f8  R  X
  SRAM                  20000000   00008000  000003a4  00007c5c  RW X


SEGMENT ALLOCATION MAP

run origin  load origin   length   init length attrs members
----------  ----------- ---------- ----------- ----- -------
00000000    00000000    00002e10   00002e10    r-x
  00000000    00000000    00002522   00002522    r-x .text
  00002524    00002524    000007e6   000007e6    r-- .const
  00002d10    00002d10    00000100   00000100    r-- .cinit
20000000    20000000    00000200   00000000    rw-
  20000000    20000000    00000200   00000000    rw- .stack
20000200    20000200    000001a4   00000128    rw-
  20000200    20000200    00000128   00000128    rw- .data
  20000328    20000328    0000007c   00000000    rw- .bss


SECTION ALLOCATION MAP

 output                                  attributes/
section   page    origin      length       input sections
--------  ----  ----------  ----------   ----------------
.text      0    00000000    00002522     
                  00000000    00001400     ST7735.obj (.text)
                  00001400    00000c74     ST7735TestMain.obj (.text)
                  00002074    00000170     Switch.obj (.text)
                  000021e4    0000009c     rtsv7M4_T_le_v4SPD16_eabi.lib : memcpy_t2.obj (.text)
                  00002280    00000094                                   : auto_init.obj (.text)
                  00002314    0000007c     PLL.obj (.text)
                  00002390    0000005e     rtsv7M4_T_le_v4SPD16_eabi.lib : copy_decompress_rle.obj (.text)
                  000023ee    00000002     --HOLE-- [fill = 0]
                  000023f0    00000048                                   : boot.obj (.text)
                  00002438    00000044                                   : cpy_tbl.obj (.text)
                  0000247c    00000040                                   : exit.obj (.text)
                  000024bc    00000018                                   : args_main.obj (.text)
                  000024d4    00000014                                   : _lock.obj (.text)
                  000024e8    00000014                                   : strlen.obj (.text)
                  000024fc    00000012                                   : copy_zero_init.obj (.text:decompress:ZI)
                  0000250e    0000000e                                   : copy_decompress_none.obj (.text:decompress:none)
                  0000251c    00000006                                   : copy_decompress_rle.obj (.text:decompress:rle24)

.init_array 
*          0    00000000    00000000     UNINITIALIZED

.const     0    00002524    000007e6     
                  00002524    000004fb     ST7735.obj (.const:.string:Font)
                  00002a1f    00000001     --HOLE-- [fill = 0]
                  00002a20    00000200     ST7735.obj (.const:.string:dBfs)
                  00002c20    00000067     ST7735.obj (.const:.string:Bcmd)
                  00002c87    00000001     --HOLE-- [fill = 0]
                  00002c88    0000003b     ST7735.obj (.const:.string:Rcmd1)
                  00002cc3    00000001     --HOLE-- [fill = 0]
                  00002cc4    0000002b     ST7735.obj (.const:.string:Rcmd3)
                  00002cef    00000001     --HOLE-- [fill = 0]
                  00002cf0    0000001a     ST7735.obj (.const:.string)

.cinit     0    00002d10    00000100     
                  00002d10    000000dc     (.cinit..data.load) [load image, compression = rle]
                  00002dec    0000000c     (__TI_handler_table)
                  00002df8    00000008     (.cinit..bss.load) [load image, compression = zero_init]
                  00002e00    00000010     (__TI_cinit_table)

.stack     0    20000000    00000200     UNINITIALIZED
                  20000000    00000200     --HOLE--

.data      0    20000200    00000128     
                  20000200    000000fe     ST7735TestMain.obj (.data)
                  200002fe    00000002     --HOLE--
                  20000300    00000014     ST7735.obj (.data)
                  20000314    00000008     rtsv7M4_T_le_v4SPD16_eabi.lib : _lock.obj (.data)
                  2000031c    00000008                                   : exit.obj (.data)
                  20000324    00000004                                   : stkdepth_vars.obj (.data)

.bss       0    20000328    0000007c     UNINITIALIZED
                  20000328    00000058     ST7735TestMain.obj (.bss)
                  20000380    00000024     ST7735.obj (.bss)


LINKER GENERATED COPY TABLES

__TI_cinit_table @ 00002e00 records: 2, size/record: 8, table size: 16
	.data: load addr=00002d10, load size=000000dc bytes, run addr=20000200, run size=00000128 bytes, compression=rle
	.bss: load addr=00002df8, load size=00000008 bytes, run addr=20000328, run size=0000007c bytes, compression=zero_init


LINKER GENERATED HANDLER TABLE

__TI_handler_table @ 00002dec records: 3, size/record: 4, table size: 12
	index: 0, handler: __TI_decompress_rle24
	index: 1, handler: __TI_decompress_none
	index: 2, handler: __TI_zero_init


GLOBAL SYMBOLS: SORTED ALPHABETICALLY BY Name 

address    name
--------   ----
000020cb   Board_Init
0000212d   Board_Input
0000247d   C$$EXIT
0000004d   Delay1ms
00001c91   DelayWait10ms
20000384   Message
20000390   Messageindex
000013b1   Output_Clear
000013cb   Output_Color
000013a1   Output_Init
000013bb   Output_Off
000013c3   Output_On
00002315   PLL_Init
UNDEFED    SHT$$INIT_ARRAY$$Base
UNDEFED    SHT$$INIT_ARRAY$$Limit
00001c35   SSR_Init
000006c5   ST7735_Color565
0000071f   ST7735_DrawBitmap
00000a8d   ST7735_DrawChar
0000091b   ST7735_DrawCharS
000004cd   ST7735_DrawFastHLine
00000409   ST7735_DrawFastVLine
00000375   ST7735_DrawPixel
00000c01   ST7735_DrawString
000005ad   ST7735_FillRect
0000057d   ST7735_FillScreen
00000239   ST7735_InitB
00000265   ST7735_InitR
00000e2f   ST7735_InvertDisplay
00001279   ST7735_OutChar
00001339   ST7735_OutString
00000cf1   ST7735_OutUDec
0000117f   ST7735_PlotBar
00000e47   ST7735_PlotClear
00000f6d   ST7735_PlotLine
00001225   ST7735_PlotNext
0000123f   ST7735_PlotNextErase
00000eb5   ST7735_PlotPoint
000010b5   ST7735_PlotPoints
000011d5   ST7735_PlotdBfs
00000cc3   ST7735_SetCursor
00000d65   ST7735_SetRotation
00001361   ST7735_SetTextColor
000006f9   ST7735_SwapColor
20000308   StTextColor
20000300   StX
20000304   StY
00002075   Switch_Init
00002133   Switch_Init3
000020bb   Switch_Input
000020c1   Switch_Input2
00002179   Switch_Input3
2000039c   X
20000394   Ymax
20000398   Ymin
200003a0   Yrange
20000200   __STACK_END
00000200   __STACK_SIZE
20000200   __STACK_TOP
00002e00   __TI_CINIT_Base
00002e10   __TI_CINIT_Limit
00002dec   __TI_Handler_Table_Base
00002df8   __TI_Handler_Table_Limit
00000001   __TI_args_main
00002281   __TI_auto_init
0000250f   __TI_decompress_none
0000251d   __TI_decompress_rle24
00000000   __TI_static_base__
000024fd   __TI_zero_init
000021e5   __aeabi_memcpy
000021e5   __aeabi_memcpy4
000021e5   __aeabi_memcpy8
ffffffff   __binit__
ffffffff   __c_args__
20000000   __stack
000024bd   _args_main
000023f1   _c_int00
2000031c   _cleanup_ptr
20000320   _dtors_ptr
20000314   _lock
000024e3   _nop
000024db   _register_lock
000024d5   _register_unlock
20000318   _unlock
00002481   abort
20000210   acc
0000197d   analog_mode
ffffffff   binit
2000023c   c1
20000247   c2
20000253   c3
20000262   c4
00002439   copy_in
00002a20   dBfs
200002dc   data1
200002e1   data2
200002e6   data3
200002eb   data4
200002f0   data5
200002f5   data6
20000368   dataptr1
2000036c   dataptr2
20000370   dataptr3
20000374   dataptr4
20000378   dataptr5
2000037c   dataptr6
20000208   dec
2000021c   dia
00001785   digit_mode
20000200   display
00002489   exit
00001393   ferror
00001387   fgetc
00000c81   fillmessage
00001375   fputc
20000214   g
20000204   inc
20000224   ini
00001d2d   itoa
00001bfd   journey_mode
00001dc9   key_driver
00001f59   key_read
20000310   lastj
00001401   main
20000324   main_func_sp
20000220   mass
000021e5   memcpy
20000218   mile
20000228   mode
2000022c   mode_1
20000230   mode_2
20000234   mode_3
20000238   mode_4
20000328   modeptr1
2000032c   modeptr2
20000330   modeptr3
20000334   modeptr4
00001a0d   operation_mode
00001ccd   reverse
2000020c   speed
000024e9   strlen
20000273   t1
2000027b   t2
2000028a   t3
2000029c   t4
200002a7   t5
200002b8   t6
20000338   textptr1
2000033c   textptr2
20000340   textptr3
20000344   textptr4
20000348   textptr5
2000034c   textptr6
200002c7   u1
200002cc   u2
200002d1   u3
200002d3   u4
200002d6   u5
200002d9   u6
20000350   uintptr1
20000354   uintptr2
20000358   uintptr3
2000035c   uintptr4
20000360   uintptr5
20000364   uintptr6


GLOBAL SYMBOLS: SORTED BY Symbol Address 

address    name
--------   ----
00000000   __TI_static_base__
00000001   __TI_args_main
0000004d   Delay1ms
00000200   __STACK_SIZE
00000239   ST7735_InitB
00000265   ST7735_InitR
00000375   ST7735_DrawPixel
00000409   ST7735_DrawFastVLine
000004cd   ST7735_DrawFastHLine
0000057d   ST7735_FillScreen
000005ad   ST7735_FillRect
000006c5   ST7735_Color565
000006f9   ST7735_SwapColor
0000071f   ST7735_DrawBitmap
0000091b   ST7735_DrawCharS
00000a8d   ST7735_DrawChar
00000c01   ST7735_DrawString
00000c81   fillmessage
00000cc3   ST7735_SetCursor
00000cf1   ST7735_OutUDec
00000d65   ST7735_SetRotation
00000e2f   ST7735_InvertDisplay
00000e47   ST7735_PlotClear
00000eb5   ST7735_PlotPoint
00000f6d   ST7735_PlotLine
000010b5   ST7735_PlotPoints
0000117f   ST7735_PlotBar
000011d5   ST7735_PlotdBfs
00001225   ST7735_PlotNext
0000123f   ST7735_PlotNextErase
00001279   ST7735_OutChar
00001339   ST7735_OutString
00001361   ST7735_SetTextColor
00001375   fputc
00001387   fgetc
00001393   ferror
000013a1   Output_Init
000013b1   Output_Clear
000013bb   Output_Off
000013c3   Output_On
000013cb   Output_Color
00001401   main
00001785   digit_mode
0000197d   analog_mode
00001a0d   operation_mode
00001bfd   journey_mode
00001c35   SSR_Init
00001c91   DelayWait10ms
00001ccd   reverse
00001d2d   itoa
00001dc9   key_driver
00001f59   key_read
00002075   Switch_Init
000020bb   Switch_Input
000020c1   Switch_Input2
000020cb   Board_Init
0000212d   Board_Input
00002133   Switch_Init3
00002179   Switch_Input3
000021e5   __aeabi_memcpy
000021e5   __aeabi_memcpy4
000021e5   __aeabi_memcpy8
000021e5   memcpy
00002281   __TI_auto_init
00002315   PLL_Init
000023f1   _c_int00
00002439   copy_in
0000247d   C$$EXIT
00002481   abort
00002489   exit
000024bd   _args_main
000024d5   _register_unlock
000024db   _register_lock
000024e3   _nop
000024e9   strlen
000024fd   __TI_zero_init
0000250f   __TI_decompress_none
0000251d   __TI_decompress_rle24
00002a20   dBfs
00002dec   __TI_Handler_Table_Base
00002df8   __TI_Handler_Table_Limit
00002e00   __TI_CINIT_Base
00002e10   __TI_CINIT_Limit
20000000   __stack
20000200   __STACK_END
20000200   __STACK_TOP
20000200   display
20000204   inc
20000208   dec
2000020c   speed
20000210   acc
20000214   g
20000218   mile
2000021c   dia
20000220   mass
20000224   ini
20000228   mode
2000022c   mode_1
20000230   mode_2
20000234   mode_3
20000238   mode_4
2000023c   c1
20000247   c2
20000253   c3
20000262   c4
20000273   t1
2000027b   t2
2000028a   t3
2000029c   t4
200002a7   t5
200002b8   t6
200002c7   u1
200002cc   u2
200002d1   u3
200002d3   u4
200002d6   u5
200002d9   u6
200002dc   data1
200002e1   data2
200002e6   data3
200002eb   data4
200002f0   data5
200002f5   data6
20000300   StX
20000304   StY
20000308   StTextColor
20000310   lastj
20000314   _lock
20000318   _unlock
2000031c   _cleanup_ptr
20000320   _dtors_ptr
20000324   main_func_sp
20000328   modeptr1
2000032c   modeptr2
20000330   modeptr3
20000334   modeptr4
20000338   textptr1
2000033c   textptr2
20000340   textptr3
20000344   textptr4
20000348   textptr5
2000034c   textptr6
20000350   uintptr1
20000354   uintptr2
20000358   uintptr3
2000035c   uintptr4
20000360   uintptr5
20000364   uintptr6
20000368   dataptr1
2000036c   dataptr2
20000370   dataptr3
20000374   dataptr4
20000378   dataptr5
2000037c   dataptr6
20000384   Message
20000390   Messageindex
20000394   Ymax
20000398   Ymin
2000039c   X
200003a0   Yrange
ffffffff   __binit__
ffffffff   __c_args__
ffffffff   binit
UNDEFED    SHT$$INIT_ARRAY$$Base
UNDEFED    SHT$$INIT_ARRAY$$Limit

[165 symbols]
